// Jest Snapshot v1, https://goo.gl/fbAQLP

exports[`<App /> render() renders the loading text 1`] = `
<div>
  Loading...
</div>
`;
